============================================================
[2026-06-27 19:38:54] run=pm  split=test
  L1    : 0.070329
  MSE   : 0.010734
  LPIPS : 0.090621
  PSNR  : 25.8645 dB
  SSIM  : 0.902956
  FID   : 7.2525
  num_samples : 10000
============================================================
[2026-06-27 22:24:20] run=pm  split=test
  L1    : 0.067173
  MSE   : 0.009780
  LPIPS : 0.082014
  PSNR  : 26.2666 dB
  SSIM  : 0.910350
  FID   : 6.6024
  num_samples : 10000
============================================================
[2026-06-28 01:16:56] run=pm  split=test
  L1    : 0.068426
  MSE   : 0.010047
  LPIPS : 0.084924
  PSNR  : 26.1638 dB
  SSIM  : 0.910217
  FID   : 7.1226
  num_samples : 10000
============================================================
[2026-06-28 04:13:13] run=pm  split=test
  L1    : 0.069942
  MSE   : 0.010681
  LPIPS : 0.086034
  PSNR  : 25.9075 dB
  SSIM  : 0.904383
  FID   : 7.4307
  num_samples : 10000
============================================================
[2026-06-28 07:07:48] run=pm  split=test
  L1    : 0.066096
  MSE   : 0.009447
  LPIPS : 0.078684
  PSNR  : 26.4170 dB
  SSIM  : 0.912118
  FID   : 6.5909
  num_samples : 10000
