============================================================
[2026-07-04 22:03:37] run=dq_1e-05_klt_1e-08  split=test
  L1    : 0.026911
  MSE   : 0.003286
  LPIPS : 0.012970
  PSNR  : 31.0052 dB
  SSIM  : 0.971806
  FID   : 2.2711
  num_samples : 10000
  -- hyper-params (LPIPSWithDiscriminator) --
    disc_start = 2000
    kl_weight = 1e-05
    dq_weight = 1e-05
    klt_weight = 1e-08
    pixelloss_weight = 1.0
    perceptual_weight = 0.25
    disc_weight = 0.1
    sample_K = 2
    sigma2 = 1.0
    loss_mode = sd
