============================================================
[2026-06-22 15:26:02] run=dq_1e-05_klt_1e-08  split=test
  L1    : 0.037753
  MSE   : 0.002947
  LPIPS : 0.034265
  PSNR  : 31.3790 dB
  SSIM  : 0.966088
  FID   : 6.3155
  num_samples : 10000
  -- hyper-params (LPIPSWithDiscriminator) --
    disc_start = 2000
    kl_weight = 1e-05
    dq_weight = 1e-05
    klt_weight = 1e-08
    pixelloss_weight = 1.0
    perceptual_weight = 0.25
    disc_weight = 0.1
    sample_K = 2
    sigma2 = 1.0
    loss_mode = sd
============================================================
[2026-06-22 15:59:10] run=dq_1e-06_klt_1e-08  split=test
  L1    : 0.036405
  MSE   : 0.002776
  LPIPS : 0.031870
  PSNR  : 31.6452 dB
  SSIM  : 0.968955
  FID   : 6.1454
  num_samples : 10000
  -- hyper-params (LPIPSWithDiscriminator) --
    disc_start = 2000
    kl_weight = 1e-05
    dq_weight = 1e-06
    klt_weight = 1e-08
    pixelloss_weight = 1.0
    perceptual_weight = 0.25
    disc_weight = 0.1
    sample_K = 2
    sigma2 = 1.0
    loss_mode = sd
============================================================
[2026-06-22 16:32:03] run=dq_5e-05_klt_1e-08  split=test
  L1    : 0.046183
  MSE   : 0.004421
  LPIPS : 0.057227
  PSNR  : 29.6051 dB
  SSIM  : 0.948509
  FID   : 10.1177
  num_samples : 10000
  -- hyper-params (LPIPSWithDiscriminator) --
    disc_start = 2000
    kl_weight = 1e-05
    dq_weight = 5e-05
    klt_weight = 1e-08
    pixelloss_weight = 1.0
    perceptual_weight = 0.25
    disc_weight = 0.1
    sample_K = 2
    sigma2 = 1.0
    loss_mode = sd
============================================================
[2026-06-22 17:05:06] run=dq_1e-05_klt_4e-08  split=test
  L1    : 0.037836
  MSE   : 0.002962
  LPIPS : 0.034436
  PSNR  : 31.3489 dB
  SSIM  : 0.965765
  FID   : 6.7208
  num_samples : 10000
  -- hyper-params (LPIPSWithDiscriminator) --
    disc_start = 2000
    kl_weight = 1e-05
    dq_weight = 1e-05
    klt_weight = 4e-08
    pixelloss_weight = 1.0
    perceptual_weight = 0.25
    disc_weight = 0.1
    sample_K = 2
    sigma2 = 1.0
    loss_mode = sd
============================================================
[2026-06-22 17:37:55] run=dq_1e-06_klt_4e-08  split=test
  L1    : 0.037119
  MSE   : 0.002878
  LPIPS : 0.033589
  PSNR  : 31.4896 dB
  SSIM  : 0.966912
  FID   : 6.3331
  num_samples : 10000
  -- hyper-params (LPIPSWithDiscriminator) --
    disc_start = 2000
    kl_weight = 1e-05
    dq_weight = 1e-06
    klt_weight = 4e-08
    pixelloss_weight = 1.0
    perceptual_weight = 0.25
    disc_weight = 0.1
    sample_K = 2
    sigma2 = 1.0
    loss_mode = sd
============================================================
[2026-06-22 18:09:31] run=dq_5e-05_klt_4e-08  split=test
  L1    : 0.045658
  MSE   : 0.004290
  LPIPS : 0.053407
  PSNR  : 29.7473 dB
  SSIM  : 0.950851
  FID   : 9.5761
  num_samples : 10000
  -- hyper-params (LPIPSWithDiscriminator) --
    disc_start = 2000
    kl_weight = 1e-05
    dq_weight = 5e-05
    klt_weight = 4e-08
    pixelloss_weight = 1.0
    perceptual_weight = 0.25
    disc_weight = 0.1
    sample_K = 2
    sigma2 = 1.0
    loss_mode = sd
============================================================
[2026-06-22 18:41:06] run=dq_1e-05_klt_1e-06  split=test
  L1    : 0.037259
  MSE   : 0.002853
  LPIPS : 0.032911
  PSNR  : 31.5278 dB
  SSIM  : 0.967560
  FID   : 6.2401
  num_samples : 10000
  -- hyper-params (LPIPSWithDiscriminator) --
    disc_start = 2000
    kl_weight = 1e-05
    dq_weight = 1e-05
    klt_weight = 1e-06
    pixelloss_weight = 1.0
    perceptual_weight = 0.25
    disc_weight = 0.1
    sample_K = 2
    sigma2 = 1.0
    loss_mode = sd
============================================================
[2026-06-22 19:12:54] run=dq_1e-06_klt_1e-06  split=test
  L1    : 0.038248
  MSE   : 0.002991
  LPIPS : 0.034171
  PSNR  : 31.3247 dB
  SSIM  : 0.965675
  FID   : 6.2934
  num_samples : 10000
  -- hyper-params (LPIPSWithDiscriminator) --
    disc_start = 2000
    kl_weight = 1e-05
    dq_weight = 1e-06
    klt_weight = 1e-06
    pixelloss_weight = 1.0
    perceptual_weight = 0.25
    disc_weight = 0.1
    sample_K = 2
    sigma2 = 1.0
    loss_mode = sd
============================================================
[2026-06-22 19:44:52] run=dq_5e-05_klt_1e-06  split=test
  L1    : 0.048364
  MSE   : 0.004784
  LPIPS : 0.059727
  PSNR  : 29.2700 dB
  SSIM  : 0.945725
  FID   : 10.3205
  num_samples : 10000
  -- hyper-params (LPIPSWithDiscriminator) --
    disc_start = 2000
    kl_weight = 1e-05
    dq_weight = 5e-05
    klt_weight = 1e-06
    pixelloss_weight = 1.0
    perceptual_weight = 0.25
    disc_weight = 0.1
    sample_K = 2
    sigma2 = 1.0
    loss_mode = sd
============================================================
[2026-06-22 20:16:56] run=dq_1e-05_klt_1e-05  split=test
  L1    : 0.042823
  MSE   : 0.003770
  LPIPS : 0.043737
  PSNR  : 30.3047 dB
  SSIM  : 0.956925
  FID   : 8.4467
  num_samples : 10000
  -- hyper-params (LPIPSWithDiscriminator) --
    disc_start = 2000
    kl_weight = 1e-05
    dq_weight = 1e-05
    klt_weight = 1e-05
    pixelloss_weight = 1.0
    perceptual_weight = 0.25
    disc_weight = 0.1
    sample_K = 2
    sigma2 = 1.0
    loss_mode = sd
============================================================
[2026-06-22 20:48:21] run=dq_1e-06_klt_1e-05  split=test
  L1    : 0.040911
  MSE   : 0.003396
  LPIPS : 0.038565
  PSNR  : 30.7590 dB
  SSIM  : 0.961679
  FID   : 7.1707
  num_samples : 10000
  -- hyper-params (LPIPSWithDiscriminator) --
    disc_start = 2000
    kl_weight = 1e-05
    dq_weight = 1e-06
    klt_weight = 1e-05
    pixelloss_weight = 1.0
    perceptual_weight = 0.25
    disc_weight = 0.1
    sample_K = 2
    sigma2 = 1.0
    loss_mode = sd
============================================================
[2026-06-22 21:20:23] run=dq_5e-05_klt_1e-05  split=test
  L1    : 0.050864
  MSE   : 0.005228
  LPIPS : 0.065072
  PSNR  : 28.8759 dB
  SSIM  : 0.942898
  FID   : 11.4749
  num_samples : 10000
  -- hyper-params (LPIPSWithDiscriminator) --
    disc_start = 2000
    kl_weight = 1e-05
    dq_weight = 5e-05
    klt_weight = 1e-05
    pixelloss_weight = 1.0
    perceptual_weight = 0.25
    disc_weight = 0.1
    sample_K = 2
    sigma2 = 1.0
    loss_mode = sd
============================================================
[2026-06-22 21:34:53] run=vae_kl_1e-05  split=test
  L1    : 0.041854
  MSE   : 0.003479
  LPIPS : 0.041628
  PSNR  : 30.6647 dB
  SSIM  : 0.960800
  FID   : 7.5913
  num_samples : 10000
  -- hyper-params (LPIPSWithDiscriminator) --
    disc_start = 2000
    kl_weight = 1e-05
    dq_weight = 0.1
    klt_weight = 1e-10
    pixelloss_weight = 1.0
    perceptual_weight = 0.25
    disc_weight = 0.1
    sample_K = 2
    sigma2 = 1.0
    loss_mode = vae
============================================================
[2026-06-22 21:48:44] run=vae_kl_1e-06  split=test
  L1    : 0.035664
  MSE   : 0.002630
  LPIPS : 0.028787
  PSNR  : 31.8706 dB
  SSIM  : 0.970205
  FID   : 5.7771
  num_samples : 10000
  -- hyper-params (LPIPSWithDiscriminator) --
    disc_start = 2000
    kl_weight = 1e-06
    dq_weight = 0.1
    klt_weight = 1e-10
    pixelloss_weight = 1.0
    perceptual_weight = 0.25
    disc_weight = 0.1
    sample_K = 2
    sigma2 = 1.0
    loss_mode = vae
============================================================
[2026-06-22 22:06:20] run=iwae_kl_1e-05  split=test
  L1    : 0.042351
  MSE   : 0.003563
  LPIPS : 0.042714
  PSNR  : 30.5459 dB
  SSIM  : 0.959547
  FID   : 7.7881
  num_samples : 10000
  -- hyper-params (LPIPSWithDiscriminator) --
    disc_start = 2000
    kl_weight = 1e-05
    dq_weight = 0.1
    klt_weight = 1e-10
    pixelloss_weight = 1.0
    perceptual_weight = 0.25
    disc_weight = 0.1
    sample_K = 2
    sigma2 = 1.0
    loss_mode = iwae
============================================================
[2026-06-22 22:23:46] run=iwae_kl_1e-06  split=test
  L1    : 0.034422
  MSE   : 0.002474
  LPIPS : 0.027268
  PSNR  : 32.1477 dB
  SSIM  : 0.971802
  FID   : 5.2213
  num_samples : 10000
  -- hyper-params (LPIPSWithDiscriminator) --
    disc_start = 2000
    kl_weight = 1e-06
    dq_weight = 0.1
    klt_weight = 1e-10
    pixelloss_weight = 1.0
    perceptual_weight = 0.25
    disc_weight = 0.1
    sample_K = 2
    sigma2 = 1.0
    loss_mode = iwae
============================================================
[2026-06-22 22:55:48] run=dq_1e-05_klt_1e-08  split=test
  L1    : 0.036956
  MSE   : 0.002841
  LPIPS : 0.033616
  PSNR  : 31.5424 dB
  SSIM  : 0.966836
  FID   : 6.5348
  num_samples : 10000
  -- hyper-params (LPIPSWithDiscriminator) --
    disc_start = 2000
    kl_weight = 1e-05
    dq_weight = 1e-05
    klt_weight = 1e-08
    pixelloss_weight = 1.0
    perceptual_weight = 0.25
    disc_weight = 0.1
    sample_K = 2
    sigma2 = 1.0
    loss_mode = sd
============================================================
[2026-06-22 23:28:09] run=dq_1e-05_klt_1e-08  split=test
  L1    : 0.037473
  MSE   : 0.002862
  LPIPS : 0.034122
  PSNR  : 31.5278 dB
  SSIM  : 0.966048
  FID   : 6.1628
  num_samples : 10000
  -- hyper-params (LPIPSWithDiscriminator) --
    disc_start = 2000
    kl_weight = 1e-05
    dq_weight = 1e-05
    klt_weight = 1e-08
    pixelloss_weight = 1.0
    perceptual_weight = 0.25
    disc_weight = 0.1
    sample_K = 2
    sigma2 = 1.0
    loss_mode = sd
============================================================
[2026-06-23 00:00:45] run=dq_1e-05_klt_1e-08  split=test
  L1    : 0.037768
  MSE   : 0.002972
  LPIPS : 0.034840
  PSNR  : 31.3353 dB
  SSIM  : 0.965462
  FID   : 6.5868
  num_samples : 10000
  -- hyper-params (LPIPSWithDiscriminator) --
    disc_start = 2000
    kl_weight = 1e-05
    dq_weight = 1e-05
    klt_weight = 1e-08
    pixelloss_weight = 1.0
    perceptual_weight = 0.25
    disc_weight = 0.1
    sample_K = 2
    sigma2 = 1.0
    loss_mode = sd
============================================================
[2026-06-23 00:33:07] run=dq_1e-06_klt_1e-08  split=test
  L1    : 0.037288
  MSE   : 0.002863
  LPIPS : 0.033581
  PSNR  : 31.5081 dB
  SSIM  : 0.966346
  FID   : 6.4842
  num_samples : 10000
  -- hyper-params (LPIPSWithDiscriminator) --
    disc_start = 2000
    kl_weight = 1e-05
    dq_weight = 1e-06
    klt_weight = 1e-08
    pixelloss_weight = 1.0
    perceptual_weight = 0.25
    disc_weight = 0.1
    sample_K = 2
    sigma2 = 1.0
    loss_mode = sd
============================================================
[2026-06-23 01:04:58] run=dq_1e-06_klt_1e-08  split=test
  L1    : 0.030994
  MSE   : 0.001978
  LPIPS : 0.018776
  PSNR  : 33.1176 dB
  SSIM  : 0.978212
  FID   : 3.9175
  num_samples : 10000
  -- hyper-params (LPIPSWithDiscriminator) --
    disc_start = 2000
    kl_weight = 1e-05
    dq_weight = 1e-06
    klt_weight = 1e-08
    pixelloss_weight = 1.0
    perceptual_weight = 0.25
    disc_weight = 0.1
    sample_K = 2
    sigma2 = 1.0
    loss_mode = sd
============================================================
[2026-06-23 01:36:05] run=dq_1e-06_klt_1e-08  split=test
  L1    : 0.035957
  MSE   : 0.002663
  LPIPS : 0.031137
  PSNR  : 31.8302 dB
  SSIM  : 0.969805
  FID   : 6.0682
  num_samples : 10000
  -- hyper-params (LPIPSWithDiscriminator) --
    disc_start = 2000
    kl_weight = 1e-05
    dq_weight = 1e-06
    klt_weight = 1e-08
    pixelloss_weight = 1.0
    perceptual_weight = 0.25
    disc_weight = 0.1
    sample_K = 2
    sigma2 = 1.0
    loss_mode = sd
============================================================
[2026-06-23 02:08:26] run=dq_1e-05_klt_4e-08  split=test
  L1    : 0.038267
  MSE   : 0.003040
  LPIPS : 0.035573
  PSNR  : 31.2474 dB
  SSIM  : 0.965223
  FID   : 6.6018
  num_samples : 10000
  -- hyper-params (LPIPSWithDiscriminator) --
    disc_start = 2000
    kl_weight = 1e-05
    dq_weight = 1e-05
    klt_weight = 4e-08
    pixelloss_weight = 1.0
    perceptual_weight = 0.25
    disc_weight = 0.1
    sample_K = 2
    sigma2 = 1.0
    loss_mode = sd
============================================================
[2026-06-23 02:40:37] run=dq_1e-05_klt_4e-08  split=test
  L1    : 0.036056
  MSE   : 0.002673
  LPIPS : 0.029544
  PSNR  : 31.8081 dB
  SSIM  : 0.969313
  FID   : 5.6975
  num_samples : 10000
  -- hyper-params (LPIPSWithDiscriminator) --
    disc_start = 2000
    kl_weight = 1e-05
    dq_weight = 1e-05
    klt_weight = 4e-08
    pixelloss_weight = 1.0
    perceptual_weight = 0.25
    disc_weight = 0.1
    sample_K = 2
    sigma2 = 1.0
    loss_mode = sd
============================================================
[2026-06-23 03:12:42] run=dq_1e-05_klt_4e-08  split=test
  L1    : 0.037119
  MSE   : 0.002838
  LPIPS : 0.033175
  PSNR  : 31.5384 dB
  SSIM  : 0.966339
  FID   : 6.2657
  num_samples : 10000
  -- hyper-params (LPIPSWithDiscriminator) --
    disc_start = 2000
    kl_weight = 1e-05
    dq_weight = 1e-05
    klt_weight = 4e-08
    pixelloss_weight = 1.0
    perceptual_weight = 0.25
    disc_weight = 0.1
    sample_K = 2
    sigma2 = 1.0
    loss_mode = sd
============================================================
[2026-06-23 03:44:23] run=dq_1e-06_klt_4e-08  split=test
  L1    : 0.037406
  MSE   : 0.002873
  LPIPS : 0.032506
  PSNR  : 31.5025 dB
  SSIM  : 0.967000
  FID   : 6.3859
  num_samples : 10000
  -- hyper-params (LPIPSWithDiscriminator) --
    disc_start = 2000
    kl_weight = 1e-05
    dq_weight = 1e-06
    klt_weight = 4e-08
    pixelloss_weight = 1.0
    perceptual_weight = 0.25
    disc_weight = 0.1
    sample_K = 2
    sigma2 = 1.0
    loss_mode = sd
============================================================
[2026-06-23 04:16:03] run=dq_1e-06_klt_4e-08  split=test
  L1    : 0.035480
  MSE   : 0.002636
  LPIPS : 0.029885
  PSNR  : 31.8640 dB
  SSIM  : 0.971109
  FID   : 5.7042
  num_samples : 10000
  -- hyper-params (LPIPSWithDiscriminator) --
    disc_start = 2000
    kl_weight = 1e-05
    dq_weight = 1e-06
    klt_weight = 4e-08
    pixelloss_weight = 1.0
    perceptual_weight = 0.25
    disc_weight = 0.1
    sample_K = 2
    sigma2 = 1.0
    loss_mode = sd
============================================================
[2026-06-23 04:48:41] run=dq_1e-06_klt_4e-08  split=test
  L1    : 0.034368
  MSE   : 0.002482
  LPIPS : 0.027284
  PSNR  : 32.1358 dB
  SSIM  : 0.971415
  FID   : 5.3735
  num_samples : 10000
  -- hyper-params (LPIPSWithDiscriminator) --
    disc_start = 2000
    kl_weight = 1e-05
    dq_weight = 1e-06
    klt_weight = 4e-08
    pixelloss_weight = 1.0
    perceptual_weight = 0.25
    disc_weight = 0.1
    sample_K = 2
    sigma2 = 1.0
    loss_mode = sd
============================================================
[2026-06-23 05:20:35] run=dq_1e-05_klt_1e-06  split=test
  L1    : 0.039797
  MSE   : 0.003254
  LPIPS : 0.037258
  PSNR  : 30.9437 dB
  SSIM  : 0.962628
  FID   : 6.8437
  num_samples : 10000
  -- hyper-params (LPIPSWithDiscriminator) --
    disc_start = 2000
    kl_weight = 1e-05
    dq_weight = 1e-05
    klt_weight = 1e-06
    pixelloss_weight = 1.0
    perceptual_weight = 0.25
    disc_weight = 0.1
    sample_K = 2
    sigma2 = 1.0
    loss_mode = sd
============================================================
[2026-06-23 05:53:05] run=dq_1e-05_klt_1e-06  split=test
  L1    : 0.048974
  MSE   : 0.004926
  LPIPS : 0.064266
  PSNR  : 29.1301 dB
  SSIM  : 0.944925
  FID   : 11.0339
  num_samples : 10000
  -- hyper-params (LPIPSWithDiscriminator) --
    disc_start = 2000
    kl_weight = 1e-05
    dq_weight = 1e-05
    klt_weight = 1e-06
    pixelloss_weight = 1.0
    perceptual_weight = 0.25
    disc_weight = 0.1
    sample_K = 2
    sigma2 = 1.0
    loss_mode = sd
============================================================
[2026-06-23 06:25:21] run=dq_1e-05_klt_1e-06  split=test
  L1    : 0.036312
  MSE   : 0.002737
  LPIPS : 0.030804
  PSNR  : 31.7018 dB
  SSIM  : 0.968978
  FID   : 6.1172
  num_samples : 10000
  -- hyper-params (LPIPSWithDiscriminator) --
    disc_start = 2000
    kl_weight = 1e-05
    dq_weight = 1e-05
    klt_weight = 1e-06
    pixelloss_weight = 1.0
    perceptual_weight = 0.25
    disc_weight = 0.1
    sample_K = 2
    sigma2 = 1.0
    loss_mode = sd
============================================================
[2026-06-23 06:57:09] run=dq_1e-06_klt_1e-06  split=test
  L1    : 0.039919
  MSE   : 0.003310
  LPIPS : 0.037186
  PSNR  : 30.8760 dB
  SSIM  : 0.962814
  FID   : 7.1176
  num_samples : 10000
  -- hyper-params (LPIPSWithDiscriminator) --
    disc_start = 2000
    kl_weight = 1e-05
    dq_weight = 1e-06
    klt_weight = 1e-06
    pixelloss_weight = 1.0
    perceptual_weight = 0.25
    disc_weight = 0.1
    sample_K = 2
    sigma2 = 1.0
    loss_mode = sd
============================================================
[2026-06-23 07:29:25] run=dq_1e-06_klt_1e-06  split=test
  L1    : 0.036621
  MSE   : 0.002781
  LPIPS : 0.032354
  PSNR  : 31.6302 dB
  SSIM  : 0.968271
  FID   : 6.0929
  num_samples : 10000
  -- hyper-params (LPIPSWithDiscriminator) --
    disc_start = 2000
    kl_weight = 1e-05
    dq_weight = 1e-06
    klt_weight = 1e-06
    pixelloss_weight = 1.0
    perceptual_weight = 0.25
    disc_weight = 0.1
    sample_K = 2
    sigma2 = 1.0
    loss_mode = sd
============================================================
[2026-06-23 08:01:37] run=dq_1e-06_klt_1e-06  split=test
  L1    : 0.033179
  MSE   : 0.002287
  LPIPS : 0.024309
  PSNR  : 32.4875 dB
  SSIM  : 0.974700
  FID   : 4.7815
  num_samples : 10000
  -- hyper-params (LPIPSWithDiscriminator) --
    disc_start = 2000
    kl_weight = 1e-05
    dq_weight = 1e-06
    klt_weight = 1e-06
    pixelloss_weight = 1.0
    perceptual_weight = 0.25
    disc_weight = 0.1
    sample_K = 2
    sigma2 = 1.0
    loss_mode = sd
============================================================
[2026-06-23 08:33:05] run=dq_1e-05_klt_1e-05  split=test
  L1    : 0.043119
  MSE   : 0.003762
  LPIPS : 0.042898
  PSNR  : 30.3018 dB
  SSIM  : 0.957014
  FID   : 8.0350
  num_samples : 10000
  -- hyper-params (LPIPSWithDiscriminator) --
    disc_start = 2000
    kl_weight = 1e-05
    dq_weight = 1e-05
    klt_weight = 1e-05
    pixelloss_weight = 1.0
    perceptual_weight = 0.25
    disc_weight = 0.1
    sample_K = 2
    sigma2 = 1.0
    loss_mode = sd
============================================================
[2026-06-23 09:05:03] run=dq_1e-05_klt_1e-05  split=test
  L1    : 0.045764
  MSE   : 0.004285
  LPIPS : 0.048998
  PSNR  : 29.7556 dB
  SSIM  : 0.951338
  FID   : 9.0199
  num_samples : 10000
  -- hyper-params (LPIPSWithDiscriminator) --
    disc_start = 2000
    kl_weight = 1e-05
    dq_weight = 1e-05
    klt_weight = 1e-05
    pixelloss_weight = 1.0
    perceptual_weight = 0.25
    disc_weight = 0.1
    sample_K = 2
    sigma2 = 1.0
    loss_mode = sd
============================================================
[2026-06-23 09:37:17] run=dq_1e-05_klt_1e-05  split=test
  L1    : 0.041715
  MSE   : 0.003565
  LPIPS : 0.040093
  PSNR  : 30.5408 dB
  SSIM  : 0.959294
  FID   : 7.6671
  num_samples : 10000
  -- hyper-params (LPIPSWithDiscriminator) --
    disc_start = 2000
    kl_weight = 1e-05
    dq_weight = 1e-05
    klt_weight = 1e-05
    pixelloss_weight = 1.0
    perceptual_weight = 0.25
    disc_weight = 0.1
    sample_K = 2
    sigma2 = 1.0
    loss_mode = sd
============================================================
[2026-06-23 10:08:50] run=dq_1e-06_klt_1e-05  split=test
  L1    : 0.039166
  MSE   : 0.003169
  LPIPS : 0.036386
  PSNR  : 31.0523 dB
  SSIM  : 0.963559
  FID   : 6.9096
  num_samples : 10000
  -- hyper-params (LPIPSWithDiscriminator) --
    disc_start = 2000
    kl_weight = 1e-05
    dq_weight = 1e-06
    klt_weight = 1e-05
    pixelloss_weight = 1.0
    perceptual_weight = 0.25
    disc_weight = 0.1
    sample_K = 2
    sigma2 = 1.0
    loss_mode = sd
============================================================
[2026-06-23 10:40:48] run=dq_1e-06_klt_1e-05  split=test
  L1    : 0.041793
  MSE   : 0.003560
  LPIPS : 0.041621
  PSNR  : 30.5535 dB
  SSIM  : 0.959323
  FID   : 7.4983
  num_samples : 10000
  -- hyper-params (LPIPSWithDiscriminator) --
    disc_start = 2000
    kl_weight = 1e-05
    dq_weight = 1e-06
    klt_weight = 1e-05
    pixelloss_weight = 1.0
    perceptual_weight = 0.25
    disc_weight = 0.1
    sample_K = 2
    sigma2 = 1.0
    loss_mode = sd
============================================================
[2026-06-23 11:12:36] run=dq_1e-06_klt_1e-05  split=test
  L1    : 0.041457
  MSE   : 0.003545
  LPIPS : 0.039879
  PSNR  : 30.5698 dB
  SSIM  : 0.961187
  FID   : 7.3057
  num_samples : 10000
  -- hyper-params (LPIPSWithDiscriminator) --
    disc_start = 2000
    kl_weight = 1e-05
    dq_weight = 1e-06
    klt_weight = 1e-05
    pixelloss_weight = 1.0
    perceptual_weight = 0.25
    disc_weight = 0.1
    sample_K = 2
    sigma2 = 1.0
    loss_mode = sd
============================================================
[2026-06-23 12:23:59] run=vae_kl_1e-05  split=test
  L1    : 0.041700
  MSE   : 0.003488
  LPIPS : 0.042252
  PSNR  : 30.6460 dB
  SSIM  : 0.961096
  FID   : 7.4716
  num_samples : 10000
  -- hyper-params (LPIPSWithDiscriminator) --
    disc_start = 2000
    kl_weight = 1e-05
    dq_weight = 0.1
    klt_weight = 1e-10
    pixelloss_weight = 1.0
    perceptual_weight = 0.25
    disc_weight = 0.1
    sample_K = 2
    sigma2 = 1.0
    loss_mode = vae
============================================================
[2026-06-23 12:36:16] run=vae_kl_1e-05  split=test
  L1    : 0.039795
  MSE   : 0.003177
  LPIPS : 0.037594
  PSNR  : 31.0467 dB
  SSIM  : 0.963714
  FID   : 7.0274
  num_samples : 10000
  -- hyper-params (LPIPSWithDiscriminator) --
    disc_start = 2000
    kl_weight = 1e-05
    dq_weight = 0.1
    klt_weight = 1e-10
    pixelloss_weight = 1.0
    perceptual_weight = 0.25
    disc_weight = 0.1
    sample_K = 2
    sigma2 = 1.0
    loss_mode = vae
============================================================
[2026-06-23 12:49:57] run=vae_kl_1e-05  split=test
  L1    : 0.040536
  MSE   : 0.003303
  LPIPS : 0.040010
  PSNR  : 30.8751 dB
  SSIM  : 0.963174
  FID   : 7.1854
  num_samples : 10000
  -- hyper-params (LPIPSWithDiscriminator) --
    disc_start = 2000
    kl_weight = 1e-05
    dq_weight = 0.1
    klt_weight = 1e-10
    pixelloss_weight = 1.0
    perceptual_weight = 0.25
    disc_weight = 0.1
    sample_K = 2
    sigma2 = 1.0
    loss_mode = vae
============================================================
[2026-06-23 13:03:04] run=vae_kl_1e-06  split=test
  L1    : 0.035500
  MSE   : 0.002620
  LPIPS : 0.030292
  PSNR  : 31.8894 dB
  SSIM  : 0.970203
  FID   : 5.9650
  num_samples : 10000
  -- hyper-params (LPIPSWithDiscriminator) --
    disc_start = 2000
    kl_weight = 1e-06
    dq_weight = 0.1
    klt_weight = 1e-10
    pixelloss_weight = 1.0
    perceptual_weight = 0.25
    disc_weight = 0.1
    sample_K = 2
    sigma2 = 1.0
    loss_mode = vae
============================================================
[2026-06-23 13:17:12] run=vae_kl_1e-06  split=test
  L1    : 0.037169
  MSE   : 0.002875
  LPIPS : 0.033921
  PSNR  : 31.4890 dB
  SSIM  : 0.967230
  FID   : 6.4216
  num_samples : 10000
  -- hyper-params (LPIPSWithDiscriminator) --
    disc_start = 2000
    kl_weight = 1e-06
    dq_weight = 0.1
    klt_weight = 1e-10
    pixelloss_weight = 1.0
    perceptual_weight = 0.25
    disc_weight = 0.1
    sample_K = 2
    sigma2 = 1.0
    loss_mode = vae
============================================================
[2026-06-23 13:30:38] run=vae_kl_1e-06  split=test
  L1    : 0.038112
  MSE   : 0.002996
  LPIPS : 0.035105
  PSNR  : 31.3007 dB
  SSIM  : 0.965153
  FID   : 6.5784
  num_samples : 10000
  -- hyper-params (LPIPSWithDiscriminator) --
    disc_start = 2000
    kl_weight = 1e-06
    dq_weight = 0.1
    klt_weight = 1e-10
    pixelloss_weight = 1.0
    perceptual_weight = 0.25
    disc_weight = 0.1
    sample_K = 2
    sigma2 = 1.0
    loss_mode = vae
============================================================
[2026-06-23 13:47:26] run=iwae_kl_1e-05  split=test
  L1    : 0.043816
  MSE   : 0.003744
  LPIPS : 0.044029
  PSNR  : 30.3570 dB
  SSIM  : 0.960611
  FID   : 8.0398
  num_samples : 10000
  -- hyper-params (LPIPSWithDiscriminator) --
    disc_start = 2000
    kl_weight = 1e-05
    dq_weight = 0.1
    klt_weight = 1e-10
    pixelloss_weight = 1.0
    perceptual_weight = 0.25
    disc_weight = 0.1
    sample_K = 2
    sigma2 = 1.0
    loss_mode = iwae
============================================================
[2026-06-23 14:04:46] run=iwae_kl_1e-05  split=test
  L1    : 0.041503
  MSE   : 0.003468
  LPIPS : 0.041697
  PSNR  : 30.6611 dB
  SSIM  : 0.962774
  FID   : 7.5278
  num_samples : 10000
  -- hyper-params (LPIPSWithDiscriminator) --
    disc_start = 2000
    kl_weight = 1e-05
    dq_weight = 0.1
    klt_weight = 1e-10
    pixelloss_weight = 1.0
    perceptual_weight = 0.25
    disc_weight = 0.1
    sample_K = 2
    sigma2 = 1.0
    loss_mode = iwae
============================================================
[2026-06-23 14:21:09] run=iwae_kl_1e-05  split=test
  L1    : 0.040189
  MSE   : 0.003239
  LPIPS : 0.039188
  PSNR  : 30.9700 dB
  SSIM  : 0.963653
  FID   : 7.2330
  num_samples : 10000
  -- hyper-params (LPIPSWithDiscriminator) --
    disc_start = 2000
    kl_weight = 1e-05
    dq_weight = 0.1
    klt_weight = 1e-10
    pixelloss_weight = 1.0
    perceptual_weight = 0.25
    disc_weight = 0.1
    sample_K = 2
    sigma2 = 1.0
    loss_mode = iwae
============================================================
[2026-06-23 14:38:48] run=iwae_kl_1e-05  split=test
  L1    : 0.041171
  MSE   : 0.003319
  LPIPS : 0.038650
  PSNR  : 30.8555 dB
  SSIM  : 0.963566
  FID   : 7.2817
  num_samples : 10000
  -- hyper-params (LPIPSWithDiscriminator) --
    disc_start = 2000
    kl_weight = 1e-05
    dq_weight = 0.1
    klt_weight = 1e-10
    pixelloss_weight = 1.0
    perceptual_weight = 0.25
    disc_weight = 0.1
    sample_K = 2
    sigma2 = 1.0
    loss_mode = iwae
============================================================
[2026-06-23 14:56:13] run=iwae_kl_1e-06  split=test
  L1    : 0.037844
  MSE   : 0.002960
  LPIPS : 0.035628
  PSNR  : 31.3685 dB
  SSIM  : 0.964849
  FID   : 6.8510
  num_samples : 10000
  -- hyper-params (LPIPSWithDiscriminator) --
    disc_start = 2000
    kl_weight = 1e-06
    dq_weight = 0.1
    klt_weight = 1e-10
    pixelloss_weight = 1.0
    perceptual_weight = 0.25
    disc_weight = 0.1
    sample_K = 2
    sigma2 = 1.0
    loss_mode = iwae
============================================================
[2026-06-23 15:12:53] run=iwae_kl_1e-06  split=test
  L1    : 0.037012
  MSE   : 0.002829
  LPIPS : 0.033804
  PSNR  : 31.5622 dB
  SSIM  : 0.967429
  FID   : 6.2807
  num_samples : 10000
  -- hyper-params (LPIPSWithDiscriminator) --
    disc_start = 2000
    kl_weight = 1e-06
    dq_weight = 0.1
    klt_weight = 1e-10
    pixelloss_weight = 1.0
    perceptual_weight = 0.25
    disc_weight = 0.1
    sample_K = 2
    sigma2 = 1.0
    loss_mode = iwae
============================================================
[2026-06-23 15:30:26] run=iwae_kl_1e-06  split=test
  L1    : 0.031308
  MSE   : 0.002046
  LPIPS : 0.022330
  PSNR  : 32.9927 dB
  SSIM  : 0.976635
  FID   : 4.2652
  num_samples : 10000
  -- hyper-params (LPIPSWithDiscriminator) --
    disc_start = 2000
    kl_weight = 1e-06
    dq_weight = 0.1
    klt_weight = 1e-10
    pixelloss_weight = 1.0
    perceptual_weight = 0.25
    disc_weight = 0.1
    sample_K = 2
    sigma2 = 1.0
    loss_mode = iwae
============================================================
[2026-06-23 15:46:41] run=iwae_kl_1e-06  split=test
  L1    : 0.037218
  MSE   : 0.002873
  LPIPS : 0.033952
  PSNR  : 31.4893 dB
  SSIM  : 0.966847
  FID   : 6.4598
  num_samples : 10000
  -- hyper-params (LPIPSWithDiscriminator) --
    disc_start = 2000
    kl_weight = 1e-06
    dq_weight = 0.1
    klt_weight = 1e-10
    pixelloss_weight = 1.0
    perceptual_weight = 0.25
    disc_weight = 0.1
    sample_K = 2
    sigma2 = 1.0
    loss_mode = iwae
============================================================
[2026-06-23 16:00:29] run=vae_kl_1e-05  split=test
  L1    : 0.042665
  MSE   : 0.003620
  LPIPS : 0.042660
  PSNR  : 30.4779 dB
  SSIM  : 0.960280
  FID   : 8.0603
  num_samples : 10000
  -- hyper-params (LPIPSWithDiscriminator) --
    disc_start = 2000
    kl_weight = 1e-05
    dq_weight = 0.1
    klt_weight = 1e-10
    pixelloss_weight = 1.0
    perceptual_weight = 0.25
    disc_weight = 0.1
    sample_K = 2
    sigma2 = 1.0
    loss_mode = vae
============================================================
[2026-06-23 16:14:53] run=vae_kl_1e-06  split=test
  L1    : 0.037810
  MSE   : 0.002936
  LPIPS : 0.035238
  PSNR  : 31.4003 dB
  SSIM  : 0.964528
  FID   : 6.5097
  num_samples : 10000
  -- hyper-params (LPIPSWithDiscriminator) --
    disc_start = 2000
    kl_weight = 1e-06
    dq_weight = 0.1
    klt_weight = 1e-10
    pixelloss_weight = 1.0
    perceptual_weight = 0.25
    disc_weight = 0.1
    sample_K = 2
    sigma2 = 1.0
    loss_mode = vae
============================================================
[2026-06-23 16:46:30] run=vae_kl_1e-05  split=test
  L1    : 0.040486
  MSE   : 0.003269
  LPIPS : 0.039859
  PSNR  : 30.9260 dB
  SSIM  : 0.962961
  FID   : 7.3576
  num_samples : 10000
  -- hyper-params (LPIPSWithDiscriminator) --
    disc_start = 2000
    kl_weight = 1e-05
    dq_weight = 0.1
    klt_weight = 1e-10
    pixelloss_weight = 1.0
    perceptual_weight = 0.25
    disc_weight = 0.1
    sample_K = 2
    sigma2 = 1.0
    loss_mode = vae
============================================================
[2026-06-23 17:00:29] run=vae_kl_1e-05  split=test
  L1    : 0.040968
  MSE   : 0.003366
  LPIPS : 0.040167
  PSNR  : 30.7983 dB
  SSIM  : 0.962571
  FID   : 7.4596
  num_samples : 10000
  -- hyper-params (LPIPSWithDiscriminator) --
    disc_start = 2000
    kl_weight = 1e-05
    dq_weight = 0.1
    klt_weight = 1e-10
    pixelloss_weight = 1.0
    perceptual_weight = 0.25
    disc_weight = 0.1
    sample_K = 2
    sigma2 = 1.0
    loss_mode = vae
============================================================
[2026-06-23 17:14:36] run=vae_kl_1e-05  split=test
  L1    : 0.040713
  MSE   : 0.003321
  LPIPS : 0.040696
  PSNR  : 30.8548 dB
  SSIM  : 0.961851
  FID   : 7.4540
  num_samples : 10000
  -- hyper-params (LPIPSWithDiscriminator) --
    disc_start = 2000
    kl_weight = 1e-05
    dq_weight = 0.1
    klt_weight = 1e-10
    pixelloss_weight = 1.0
    perceptual_weight = 0.25
    disc_weight = 0.1
    sample_K = 2
    sigma2 = 1.0
    loss_mode = vae
============================================================
[2026-06-23 17:28:33] run=vae_kl_1e-06  split=test
  L1    : 0.038158
  MSE   : 0.003011
  LPIPS : 0.035814
  PSNR  : 31.2827 dB
  SSIM  : 0.965201
  FID   : 6.6914
  num_samples : 10000
  -- hyper-params (LPIPSWithDiscriminator) --
    disc_start = 2000
    kl_weight = 1e-06
    dq_weight = 0.1
    klt_weight = 1e-10
    pixelloss_weight = 1.0
    perceptual_weight = 0.25
    disc_weight = 0.1
    sample_K = 2
    sigma2 = 1.0
    loss_mode = vae
============================================================
[2026-06-23 17:42:16] run=vae_kl_1e-06  split=test
  L1    : 0.036066
  MSE   : 0.002678
  LPIPS : 0.031692
  PSNR  : 31.7979 dB
  SSIM  : 0.968775
  FID   : 6.1540
  num_samples : 10000
  -- hyper-params (LPIPSWithDiscriminator) --
    disc_start = 2000
    kl_weight = 1e-06
    dq_weight = 0.1
    klt_weight = 1e-10
    pixelloss_weight = 1.0
    perceptual_weight = 0.25
    disc_weight = 0.1
    sample_K = 2
    sigma2 = 1.0
    loss_mode = vae
============================================================
[2026-06-23 17:56:18] run=vae_kl_1e-06  split=test
  L1    : 0.038297
  MSE   : 0.003007
  LPIPS : 0.036006
  PSNR  : 31.2874 dB
  SSIM  : 0.965585
  FID   : 6.7316
  num_samples : 10000
  -- hyper-params (LPIPSWithDiscriminator) --
    disc_start = 2000
    kl_weight = 1e-06
    dq_weight = 0.1
    klt_weight = 1e-10
    pixelloss_weight = 1.0
    perceptual_weight = 0.25
    disc_weight = 0.1
    sample_K = 2
    sigma2 = 1.0
    loss_mode = vae
============================================================
[2026-06-23 18:13:30] run=iwae_kl_1e-05  split=test
  L1    : 0.041632
  MSE   : 0.003453
  LPIPS : 0.042385
  PSNR  : 30.6879 dB
  SSIM  : 0.962052
  FID   : 7.7317
  num_samples : 10000
  -- hyper-params (LPIPSWithDiscriminator) --
    disc_start = 2000
    kl_weight = 1e-05
    dq_weight = 0.1
    klt_weight = 1e-10
    pixelloss_weight = 1.0
    perceptual_weight = 0.25
    disc_weight = 0.1
    sample_K = 2
    sigma2 = 1.0
    loss_mode = iwae
============================================================
[2026-06-23 18:30:43] run=iwae_kl_1e-05  split=test
  L1    : 0.040650
  MSE   : 0.003288
  LPIPS : 0.038879
  PSNR  : 30.9130 dB
  SSIM  : 0.963001
  FID   : 7.3271
  num_samples : 10000
  -- hyper-params (LPIPSWithDiscriminator) --
    disc_start = 2000
    kl_weight = 1e-05
    dq_weight = 0.1
    klt_weight = 1e-10
    pixelloss_weight = 1.0
    perceptual_weight = 0.25
    disc_weight = 0.1
    sample_K = 2
    sigma2 = 1.0
    loss_mode = iwae
============================================================
[2026-06-23 18:47:25] run=iwae_kl_1e-05  split=test
  L1    : 0.043698
  MSE   : 0.003836
  LPIPS : 0.045856
  PSNR  : 30.2310 dB
  SSIM  : 0.957141
  FID   : 8.2717
  num_samples : 10000
  -- hyper-params (LPIPSWithDiscriminator) --
    disc_start = 2000
    kl_weight = 1e-05
    dq_weight = 0.1
    klt_weight = 1e-10
    pixelloss_weight = 1.0
    perceptual_weight = 0.25
    disc_weight = 0.1
    sample_K = 2
    sigma2 = 1.0
    loss_mode = iwae
============================================================
[2026-06-23 19:04:38] run=iwae_kl_1e-05  split=test
  L1    : 0.044541
  MSE   : 0.003927
  LPIPS : 0.045757
  PSNR  : 30.1331 dB
  SSIM  : 0.956790
  FID   : 8.4786
  num_samples : 10000
  -- hyper-params (LPIPSWithDiscriminator) --
    disc_start = 2000
    kl_weight = 1e-05
    dq_weight = 0.1
    klt_weight = 1e-10
    pixelloss_weight = 1.0
    perceptual_weight = 0.25
    disc_weight = 0.1
    sample_K = 2
    sigma2 = 1.0
    loss_mode = iwae
============================================================
[2026-06-23 19:22:23] run=iwae_kl_1e-06  split=test
  L1    : 0.035073
  MSE   : 0.002549
  LPIPS : 0.027422
  PSNR  : 32.0130 dB
  SSIM  : 0.971375
  FID   : 5.5493
  num_samples : 10000
  -- hyper-params (LPIPSWithDiscriminator) --
    disc_start = 2000
    kl_weight = 1e-06
    dq_weight = 0.1
    klt_weight = 1e-10
    pixelloss_weight = 1.0
    perceptual_weight = 0.25
    disc_weight = 0.1
    sample_K = 2
    sigma2 = 1.0
    loss_mode = iwae
============================================================
[2026-06-23 19:39:16] run=iwae_kl_1e-06  split=test
  L1    : 0.035395
  MSE   : 0.002563
  LPIPS : 0.028582
  PSNR  : 31.9999 dB
  SSIM  : 0.970515
  FID   : 5.7009
  num_samples : 10000
  -- hyper-params (LPIPSWithDiscriminator) --
    disc_start = 2000
    kl_weight = 1e-06
    dq_weight = 0.1
    klt_weight = 1e-10
    pixelloss_weight = 1.0
    perceptual_weight = 0.25
    disc_weight = 0.1
    sample_K = 2
    sigma2 = 1.0
    loss_mode = iwae
============================================================
[2026-06-23 19:57:09] run=iwae_kl_1e-06  split=test
  L1    : 0.035469
  MSE   : 0.002606
  LPIPS : 0.029417
  PSNR  : 31.9191 dB
  SSIM  : 0.970266
  FID   : 5.7785
  num_samples : 10000
  -- hyper-params (LPIPSWithDiscriminator) --
    disc_start = 2000
    kl_weight = 1e-06
    dq_weight = 0.1
    klt_weight = 1e-10
    pixelloss_weight = 1.0
    perceptual_weight = 0.25
    disc_weight = 0.1
    sample_K = 2
    sigma2 = 1.0
    loss_mode = iwae
============================================================
[2026-06-23 20:14:29] run=iwae_kl_1e-06  split=test
  L1    : 0.038333
  MSE   : 0.003067
  LPIPS : 0.037744
  PSNR  : 31.2120 dB
  SSIM  : 0.963957
  FID   : 7.0121
  num_samples : 10000
  -- hyper-params (LPIPSWithDiscriminator) --
    disc_start = 2000
    kl_weight = 1e-06
    dq_weight = 0.1
    klt_weight = 1e-10
    pixelloss_weight = 1.0
    perceptual_weight = 0.25
    disc_weight = 0.1
    sample_K = 2
    sigma2 = 1.0
    loss_mode = iwae
============================================================
[2026-06-23 20:28:17] run=vae_kl_1e-05  split=test
  L1    : 0.039925
  MSE   : 0.003253
  LPIPS : 0.038650
  PSNR  : 30.9442 dB
  SSIM  : 0.964906
  FID   : 7.1515
  num_samples : 10000
  -- hyper-params (LPIPSWithDiscriminator) --
    disc_start = 2000
    kl_weight = 1e-05
    dq_weight = 0.1
    klt_weight = 1e-10
    pixelloss_weight = 1.0
    perceptual_weight = 0.25
    disc_weight = 0.1
    sample_K = 2
    sigma2 = 1.0
    loss_mode = vae
============================================================
[2026-06-23 20:42:44] run=vae_kl_1e-06  split=test
  L1    : 0.037514
  MSE   : 0.002915
  LPIPS : 0.034210
  PSNR  : 31.4367 dB
  SSIM  : 0.966339
  FID   : 6.6829
  num_samples : 10000
  -- hyper-params (LPIPSWithDiscriminator) --
    disc_start = 2000
    kl_weight = 1e-06
    dq_weight = 0.1
    klt_weight = 1e-10
    pixelloss_weight = 1.0
    perceptual_weight = 0.25
    disc_weight = 0.1
    sample_K = 2
    sigma2 = 1.0
    loss_mode = vae
