============================================================
[2026-06-27 18:28:54] run=pvae  split=test
  L1    : 0.117157
  MSE   : 0.029233
  LPIPS : 0.187291
  PSNR  : 21.5141 dB
  SSIM  : 0.762148
  FID   : 20.3749
  num_samples : 10000
============================================================
[2026-06-27 19:43:24] run=pvae  split=test
  L1    : 0.116858
  MSE   : 0.028768
  LPIPS : 0.186801
  PSNR  : 21.5774 dB
  SSIM  : 0.766788
  FID   : 20.5009
  num_samples : 10000
============================================================
[2026-06-27 20:59:36] run=pvae  split=test
  L1    : 0.117201
  MSE   : 0.028518
  LPIPS : 0.190224
  PSNR  : 21.6091 dB
  SSIM  : 0.762833
  FID   : 23.6481
  num_samples : 10000
============================================================
[2026-06-27 22:15:40] run=pvae  split=test
  L1    : 0.116427
  MSE   : 0.027779
  LPIPS : 0.186197
  PSNR  : 21.7190 dB
  SSIM  : 0.774791
  FID   : 20.7048
  num_samples : 10000
============================================================
[2026-06-27 23:32:18] run=pvae  split=test
  L1    : 0.117778
  MSE   : 0.028839
  LPIPS : 0.189703
  PSNR  : 21.5622 dB
  SSIM  : 0.759798
  FID   : 21.9773
  num_samples : 10000
