============================================================
[2026-07-05 00:38:00] run=pm  split=test
  L1    : 0.030723
  MSE   : 0.004093
  LPIPS : 0.014399
  PSNR  : 30.0783 dB
  SSIM  : 0.964869
  FID   : 2.4776
  num_samples : 10000
============================================================
[2026-07-05 00:53:24] run=pm  split=test
  L1    : 0.029118
  MSE   : 0.003511
  LPIPS : 0.013092
  PSNR  : 30.7510 dB
  SSIM  : 0.971607
  FID   : 2.2549
  num_samples : 10000
============================================================
[2026-07-05 01:08:27] run=pm  split=test
  L1    : 0.023904
  MSE   : 0.002164
  LPIPS : 0.007916
  PSNR  : 32.8173 dB
  SSIM  : 0.982457
  FID   : 1.8176
  num_samples : 10000
============================================================
[2026-07-05 01:23:54] run=pm  split=test
  L1    : 0.028953
  MSE   : 0.003473
  LPIPS : 0.013761
  PSNR  : 30.7545 dB
  SSIM  : 0.970770
  FID   : 2.5075
  num_samples : 10000
============================================================
[2026-07-05 01:38:59] run=pm  split=test
  L1    : 0.022181
  MSE   : 0.001890
  LPIPS : 0.007013
  PSNR  : 33.4648 dB
  SSIM  : 0.984233
  FID   : 1.3406
  num_samples : 10000
