============================================================
[2026-07-05 01:51:06] run=pvae  split=test
  L1    : 0.054087
  MSE   : 0.011440
  LPIPS : 0.033967
  PSNR  : 25.4942 dB
  SSIM  : 0.926124
  FID   : 4.6199
  num_samples : 10000
============================================================
[2026-07-05 02:04:06] run=pvae  split=test
  L1    : 0.050769
  MSE   : 0.010025
  LPIPS : 0.030974
  PSNR  : 26.0666 dB
  SSIM  : 0.933286
  FID   : 4.2566
  num_samples : 10000
============================================================
[2026-07-05 02:17:08] run=pvae  split=test
  L1    : 0.050891
  MSE   : 0.009900
  LPIPS : 0.029147
  PSNR  : 26.1235 dB
  SSIM  : 0.937567
  FID   : 3.7630
  num_samples : 10000
============================================================
[2026-07-05 02:29:47] run=pvae  split=test
  L1    : 0.050095
  MSE   : 0.009595
  LPIPS : 0.029102
  PSNR  : 26.2393 dB
  SSIM  : 0.937686
  FID   : 3.9392
  num_samples : 10000
============================================================
[2026-07-05 02:42:58] run=pvae  split=test
  L1    : 0.051369
  MSE   : 0.010304
  LPIPS : 0.031568
  PSNR  : 25.9477 dB
  SSIM  : 0.931516
  FID   : 4.3577
  num_samples : 10000
