============================================================
[2026-07-04 22:42:36] run=pvae  split=test
  L1    : 0.079472
  MSE   : 0.011485
  LPIPS : 0.115276
  PSNR  : 25.4362 dB
  SSIM  : 0.892373
  FID   : 18.5655
  num_samples : 10000
============================================================
[2026-07-04 22:57:32] run=pvae  split=test
  L1    : 0.082385
  MSE   : 0.012234
  LPIPS : 0.123515
  PSNR  : 25.1639 dB
  SSIM  : 0.886386
  FID   : 20.5271
  num_samples : 10000
============================================================
[2026-07-04 23:10:05] run=pvae  split=test
  L1    : 0.083506
  MSE   : 0.012542
  LPIPS : 0.129310
  PSNR  : 25.0576 dB
  SSIM  : 0.883231
  FID   : 20.6405
  num_samples : 10000
============================================================
[2026-07-04 23:24:09] run=pvae  split=test
  L1    : 0.082852
  MSE   : 0.012472
  LPIPS : 0.126612
  PSNR  : 25.0862 dB
  SSIM  : 0.884539
  FID   : 20.7781
  num_samples : 10000
============================================================
[2026-07-04 23:38:14] run=pvae  split=test
  L1    : 0.083212
  MSE   : 0.012541
  LPIPS : 0.126910
  PSNR  : 25.0591 dB
  SSIM  : 0.882080
  FID   : 21.4319
  num_samples : 10000
