============================================================
[2026-07-05 01:53:10] run=pm  split=test
  L1    : 0.041699
  MSE   : 0.003493
  LPIPS : 0.041952
  PSNR  : 30.6388 dB
  SSIM  : 0.960821
  FID   : 7.9451
  num_samples : 10000
============================================================
[2026-07-05 02:06:56] run=pm  split=test
  L1    : 0.039879
  MSE   : 0.003168
  LPIPS : 0.037470
  PSNR  : 31.0721 dB
  SSIM  : 0.966045
  FID   : 6.8857
  num_samples : 10000
============================================================
[2026-07-05 02:20:42] run=pm  split=test
  L1    : 0.041085
  MSE   : 0.003389
  LPIPS : 0.041654
  PSNR  : 30.7698 dB
  SSIM  : 0.961599
  FID   : 7.6032
  num_samples : 10000
============================================================
[2026-07-05 02:34:36] run=pm  split=test
  L1    : 0.041657
  MSE   : 0.003462
  LPIPS : 0.041406
  PSNR  : 30.6740 dB
  SSIM  : 0.960690
  FID   : 7.6357
  num_samples : 10000
============================================================
[2026-07-05 02:47:57] run=pm  split=test
  L1    : 0.040685
  MSE   : 0.003301
  LPIPS : 0.039464
  PSNR  : 30.8949 dB
  SSIM  : 0.962616
  FID   : 7.1724
  num_samples : 10000
