============================================================
[2026-06-19 15:56:37] run=sd_abl1_gan_off  split=test
  L1    : 0.190362
  MSE   : 0.066803
  LPIPS : 0.438093
  PSNR  : 17.8210 dB
  SSIM  : 0.540687
  FID   : 134.7923
  num_samples : 10000
  -- hyper-params (LPIPSWithDiscriminator) --
    disc_start = 1000000000
    kl_weight = 1e-05
    dq_weight = 0.001408
    klt_weight = 5.6319999999999996e-05
    pixelloss_weight = 1.0
    perceptual_weight = 0.25
    disc_weight = 0.1
    sample_K = 2
    sigma2 = 1.0
    loss_mode = sd
============================================================
[2026-06-19 16:25:21] run=sd_abl2_dq1e-6  split=test
  L1    : 0.037757
  MSE   : 0.003052
  LPIPS : 0.032960
  PSNR  : 31.2513 dB
  SSIM  : 0.962908
  FID   : 6.5841
  num_samples : 10000
  -- hyper-params (LPIPSWithDiscriminator) --
    disc_start = 2000
    kl_weight = 1e-05
    dq_weight = 1e-06
    klt_weight = 0.0
    pixelloss_weight = 1.0
    perceptual_weight = 0.25
    disc_weight = 0.1
    sample_K = 2
    sigma2 = 1.0
    loss_mode = sd
============================================================
[2026-06-19 16:54:18] run=sd_abl3_klt_off  split=test
  L1    : 0.188925
  MSE   : 0.196393
  LPIPS : 0.446259
  PSNR  : 18.2382 dB
  SSIM  : 0.568764
  FID   : 109.7092
  num_samples : 10000
  -- hyper-params (LPIPSWithDiscriminator) --
    disc_start = 2000
    kl_weight = 1e-05
    dq_weight = 0.001408
    klt_weight = 0.0
    pixelloss_weight = 1.0
    perceptual_weight = 0.25
    disc_weight = 0.1
    sample_K = 2
    sigma2 = 1.0
    loss_mode = sd
============================================================
[2026-06-19 17:20:07] run=sd_abl4_bck_v4  split=test
  L1    : 0.037931
  MSE   : 0.003089
  LPIPS : 0.033305
  PSNR  : 31.1983 dB
  SSIM  : 0.963311
  FID   : 7.0313
  num_samples : 10000
  -- hyper-params (LPIPSWithDiscriminator) --
    disc_start = 1000000000
    kl_weight = 1e-05
    dq_weight = 0.1
    klt_weight = 1e-10
    pixelloss_weight = 1.0
    perceptual_weight = 0.25
    disc_weight = 0.1
    sample_K = 2
    sigma2 = 1.0
    loss_mode = sd
============================================================
[2026-06-19 17:32:30] run=vae  split=test
  L1    : 0.041961
  MSE   : 0.003572
  LPIPS : 0.039484
  PSNR  : 30.5728 dB
  SSIM  : 0.958083
  FID   : 7.2415
  num_samples : 10000
  -- hyper-params (LPIPSWithDiscriminator) --
    disc_start = 2000
    kl_weight = 1e-05
    dq_weight = 0.1
    klt_weight = 1e-10
    pixelloss_weight = 1.0
    perceptual_weight = 0.25
    disc_weight = 0.1
    sample_K = 2
    sigma2 = 1.0
    loss_mode = vae
============================================================
[2026-06-19 17:46:43] run=iwae  split=test
  L1    : 0.045140
  MSE   : 0.004057
  LPIPS : 0.043837
  PSNR  : 30.0030 dB
  SSIM  : 0.950652
  FID   : 8.3201
  num_samples : 10000
  -- hyper-params (LPIPSWithDiscriminator) --
    disc_start = 2000
    kl_weight = 1e-05
    dq_weight = 0.1
    klt_weight = 1e-10
    pixelloss_weight = 1.0
    perceptual_weight = 0.25
    disc_weight = 0.1
    sample_K = 2
    sigma2 = 1.0
    loss_mode = iwae
============================================================
[2026-06-19 18:12:33] run=sd_abl1_gan_off  split=test
  L1    : 0.179763
  MSE   : 0.058426
  LPIPS : 0.427332
  PSNR  : 18.4101 dB
  SSIM  : 0.550814
  FID   : 120.8938
  num_samples : 10000
  -- hyper-params (LPIPSWithDiscriminator) --
    disc_start = 1000000000
    kl_weight = 1e-05
    dq_weight = 0.001408
    klt_weight = 5.6319999999999996e-05
    pixelloss_weight = 1.0
    perceptual_weight = 0.25
    disc_weight = 0.1
    sample_K = 2
    sigma2 = 1.0
    loss_mode = sd
============================================================
[2026-06-19 18:41:39] run=sd_abl2_dq1e-6  split=test
  L1    : 0.040472
  MSE   : 0.003450
  LPIPS : 0.037297
  PSNR  : 30.7407 dB
  SSIM  : 0.956802
  FID   : 7.1393
  num_samples : 10000
  -- hyper-params (LPIPSWithDiscriminator) --
    disc_start = 2000
    kl_weight = 1e-05
    dq_weight = 1e-06
    klt_weight = 0.0
    pixelloss_weight = 1.0
    perceptual_weight = 0.25
    disc_weight = 0.1
    sample_K = 2
    sigma2 = 1.0
    loss_mode = sd
============================================================
[2026-06-19 19:10:35] run=sd_abl3_klt_off  split=test
  L1    : 0.180563
  MSE   : 0.059134
  LPIPS : 0.425879
  PSNR  : 18.3632 dB
  SSIM  : 0.546169
  FID   : 122.8443
  num_samples : 10000
  -- hyper-params (LPIPSWithDiscriminator) --
    disc_start = 2000
    kl_weight = 1e-05
    dq_weight = 0.001408
    klt_weight = 0.0
    pixelloss_weight = 1.0
    perceptual_weight = 0.25
    disc_weight = 0.1
    sample_K = 2
    sigma2 = 1.0
    loss_mode = sd
============================================================
[2026-06-19 19:36:29] run=sd_abl4_bck_v4  split=test
  L1    : 0.038353
  MSE   : 0.003170
  LPIPS : 0.035179
  PSNR  : 31.0894 dB
  SSIM  : 0.961595
  FID   : 7.0376
  num_samples : 10000
  -- hyper-params (LPIPSWithDiscriminator) --
    disc_start = 1000000000
    kl_weight = 1e-05
    dq_weight = 0.1
    klt_weight = 1e-10
    pixelloss_weight = 1.0
    perceptual_weight = 0.25
    disc_weight = 0.1
    sample_K = 2
    sigma2 = 1.0
    loss_mode = sd
============================================================
[2026-06-20 12:34:41] run=sd_klt_4e8  split=test
  L1    : 0.038694
  MSE   : 0.003143
  LPIPS : 0.034293
  PSNR  : 31.1202 dB
  SSIM  : 0.961027
  FID   : 6.6568
  num_samples : 10000
  -- hyper-params (LPIPSWithDiscriminator) --
    disc_start = 2000
    kl_weight = 1e-05
    dq_weight = 1e-06
    klt_weight = 4e-08
    pixelloss_weight = 1.0
    perceptual_weight = 0.25
    disc_weight = 0.1
    sample_K = 2
    sigma2 = 1.0
    loss_mode = sd
============================================================
[2026-06-20 13:03:10] run=sd_klt_1e6  split=test
  L1    : 0.043032
  MSE   : 0.003842
  LPIPS : 0.042336
  PSNR  : 30.2430 dB
  SSIM  : 0.952426
  FID   : 7.8001
  num_samples : 10000
  -- hyper-params (LPIPSWithDiscriminator) --
    disc_start = 2000
    kl_weight = 1e-05
    dq_weight = 1e-06
    klt_weight = 1e-06
    pixelloss_weight = 1.0
    perceptual_weight = 0.25
    disc_weight = 0.1
    sample_K = 2
    sigma2 = 1.0
    loss_mode = sd
============================================================
[2026-06-20 13:31:44] run=sd_klt_1e5  split=test
  L1    : 0.042041
  MSE   : 0.003659
  LPIPS : 0.039297
  PSNR  : 30.4547 dB
  SSIM  : 0.955740
  FID   : 7.3748
  num_samples : 10000
  -- hyper-params (LPIPSWithDiscriminator) --
    disc_start = 2000
    kl_weight = 1e-05
    dq_weight = 1e-06
    klt_weight = 1e-05
    pixelloss_weight = 1.0
    perceptual_weight = 0.25
    disc_weight = 0.1
    sample_K = 2
    sigma2 = 1.0
    loss_mode = sd
============================================================
[2026-06-20 14:00:28] run=sd_klt_1e4  split=test
  L1    : 0.056235
  MSE   : 0.006202
  LPIPS : 0.066982
  PSNR  : 28.1431 dB
  SSIM  : 0.926465
  FID   : 11.9360
  num_samples : 10000
  -- hyper-params (LPIPSWithDiscriminator) --
    disc_start = 2000
    kl_weight = 1e-05
    dq_weight = 1e-06
    klt_weight = 0.0001
    pixelloss_weight = 1.0
    perceptual_weight = 0.25
    disc_weight = 0.1
    sample_K = 2
    sigma2 = 1.0
    loss_mode = sd
============================================================
[2026-06-20 14:11:27] run=vae  split=test
  L1    : 0.042804
  MSE   : 0.003711
  LPIPS : 0.041092
  PSNR  : 30.3945 dB
  SSIM  : 0.954857
  FID   : 8.0248
  num_samples : 10000
  -- hyper-params (LPIPSWithDiscriminator) --
    disc_start = 2000
    kl_weight = 1e-05
    dq_weight = 0.1
    klt_weight = 1e-10
    pixelloss_weight = 1.0
    perceptual_weight = 0.25
    disc_weight = 0.1
    sample_K = 2
    sigma2 = 1.0
    loss_mode = vae
============================================================
[2026-06-20 14:25:20] run=iwae  split=test
  L1    : 0.043417
  MSE   : 0.003819
  LPIPS : 0.043269
  PSNR  : 30.2615 dB
  SSIM  : 0.953285
  FID   : 8.0177
  num_samples : 10000
  -- hyper-params (LPIPSWithDiscriminator) --
    disc_start = 2000
    kl_weight = 1e-05
    dq_weight = 0.1
    klt_weight = 1e-10
    pixelloss_weight = 1.0
    perceptual_weight = 0.25
    disc_weight = 0.1
    sample_K = 2
    sigma2 = 1.0
    loss_mode = iwae
============================================================
[2026-06-20 14:53:41] run=sd_abl1_gan_off  split=test
  L1    : 0.179623
  MSE   : 0.056944
  LPIPS : 0.426741
  PSNR  : 18.4905 dB
  SSIM  : 0.555102
  FID   : 109.2375
  num_samples : 10000
  -- hyper-params (LPIPSWithDiscriminator) --
    disc_start = 1000000000
    kl_weight = 1e-05
    dq_weight = 0.001408
    klt_weight = 5.6319999999999996e-05
    pixelloss_weight = 1.0
    perceptual_weight = 0.25
    disc_weight = 0.1
    sample_K = 2
    sigma2 = 1.0
    loss_mode = sd
============================================================
[2026-06-20 15:07:48] run=vae  split=test
  L1    : 0.035366
  MSE   : 0.002642
  LPIPS : 0.026134
  PSNR  : 31.8869 dB
  SSIM  : 0.966990
  FID   : 5.3689
  num_samples : 10000
  -- hyper-params (LPIPSWithDiscriminator) --
    disc_start = 2000
    kl_weight = 1e-06
    dq_weight = 0.1
    klt_weight = 1e-10
    pixelloss_weight = 1.0
    perceptual_weight = 0.25
    disc_weight = 0.1
    sample_K = 2
    sigma2 = 1.0
    loss_mode = vae
============================================================
[2026-06-20 15:23:13] run=iwae  split=test
  L1    : 0.039985
  MSE   : 0.003301
  LPIPS : 0.035613
  PSNR  : 30.9293 dB
  SSIM  : 0.958123
  FID   : 6.6902
  num_samples : 10000
  -- hyper-params (LPIPSWithDiscriminator) --
    disc_start = 2000
    kl_weight = 1e-06
    dq_weight = 0.1
    klt_weight = 1e-10
    pixelloss_weight = 1.0
    perceptual_weight = 0.25
    disc_weight = 0.1
    sample_K = 2
    sigma2 = 1.0
    loss_mode = iwae
============================================================
[2026-06-20 15:55:05] run=sd_klt_4e8  split=test
  L1    : 0.039783
  MSE   : 0.003324
  LPIPS : 0.035811
  PSNR  : 30.8798 dB
  SSIM  : 0.959904
  FID   : 6.9072
  num_samples : 10000
  -- hyper-params (LPIPSWithDiscriminator) --
    disc_start = 2000
    kl_weight = 1e-05
    dq_weight = 1e-06
    klt_weight = 4e-08
    pixelloss_weight = 1.0
    perceptual_weight = 0.25
    disc_weight = 0.1
    sample_K = 2
    sigma2 = 1.0
    loss_mode = sd
============================================================
[2026-06-20 16:26:57] run=sd_klt_1e6  split=test
  L1    : 0.040036
  MSE   : 0.003341
  LPIPS : 0.035476
  PSNR  : 30.8620 dB
  SSIM  : 0.959931
  FID   : 6.8374
  num_samples : 10000
  -- hyper-params (LPIPSWithDiscriminator) --
    disc_start = 2000
    kl_weight = 1e-05
    dq_weight = 1e-06
    klt_weight = 1e-06
    pixelloss_weight = 1.0
    perceptual_weight = 0.25
    disc_weight = 0.1
    sample_K = 2
    sigma2 = 1.0
    loss_mode = sd
============================================================
[2026-06-20 16:58:29] run=sd_klt_1e5  split=test
  L1    : 0.043238
  MSE   : 0.003865
  LPIPS : 0.040616
  PSNR  : 30.2260 dB
  SSIM  : 0.953678
  FID   : 7.8597
  num_samples : 10000
  -- hyper-params (LPIPSWithDiscriminator) --
    disc_start = 2000
    kl_weight = 1e-05
    dq_weight = 1e-06
    klt_weight = 1e-05
    pixelloss_weight = 1.0
    perceptual_weight = 0.25
    disc_weight = 0.1
    sample_K = 2
    sigma2 = 1.0
    loss_mode = sd
============================================================
[2026-06-20 17:38:36] run=sd_klt_4e8  split=test
  L1    : 0.037530
  MSE   : 0.002988
  LPIPS : 0.031548
  PSNR  : 31.3375 dB
  SSIM  : 0.964437
  FID   : 6.4137
  num_samples : 10000
  -- hyper-params (LPIPSWithDiscriminator) --
    disc_start = 2000
    kl_weight = 1e-05
    dq_weight = 1e-05
    klt_weight = 1e-08
    pixelloss_weight = 1.0
    perceptual_weight = 0.25
    disc_weight = 0.1
    sample_K = 2
    sigma2 = 1.0
    loss_mode = sd
============================================================
[2026-06-20 18:10:46] run=sd_klt_4e8  split=test
  L1    : 0.035780
  MSE   : 0.002735
  LPIPS : 0.027484
  PSNR  : 31.7226 dB
  SSIM  : 0.967138
  FID   : 5.4412
  num_samples : 10000
  -- hyper-params (LPIPSWithDiscriminator) --
    disc_start = 2000
    kl_weight = 1e-05
    dq_weight = 1e-05
    klt_weight = 4e-08
    pixelloss_weight = 1.0
    perceptual_weight = 0.25
    disc_weight = 0.1
    sample_K = 2
    sigma2 = 1.0
    loss_mode = sd
============================================================
[2026-06-20 18:42:37] run=sd_klt_1e6  split=test
  L1    : 0.038979
  MSE   : 0.003211
  LPIPS : 0.033781
  PSNR  : 31.0257 dB
  SSIM  : 0.961172
  FID   : 6.4097
  num_samples : 10000
  -- hyper-params (LPIPSWithDiscriminator) --
    disc_start = 2000
    kl_weight = 1e-05
    dq_weight = 1e-05
    klt_weight = 1e-06
    pixelloss_weight = 1.0
    perceptual_weight = 0.25
    disc_weight = 0.1
    sample_K = 2
    sigma2 = 1.0
    loss_mode = sd
============================================================
[2026-06-20 19:14:54] run=sd_klt_1e5  split=test
  L1    : 0.045745
  MSE   : 0.004376
  LPIPS : 0.047903
  PSNR  : 29.6673 dB
  SSIM  : 0.946436
  FID   : 9.2818
  num_samples : 10000
  -- hyper-params (LPIPSWithDiscriminator) --
    disc_start = 2000
    kl_weight = 1e-05
    dq_weight = 1e-05
    klt_weight = 1e-05
    pixelloss_weight = 1.0
    perceptual_weight = 0.25
    disc_weight = 0.1
    sample_K = 2
    sigma2 = 1.0
    loss_mode = sd
============================================================
[2026-06-20 19:47:24] run=sd_klt_4e8  split=test
  L1    : 0.038327
  MSE   : 0.003092
  LPIPS : 0.032567
  PSNR  : 31.1944 dB
  SSIM  : 0.961167
  FID   : 6.3053
  num_samples : 10000
  -- hyper-params (LPIPSWithDiscriminator) --
    disc_start = 2000
    kl_weight = 1e-05
    dq_weight = 1e-05
    klt_weight = 1e-08
    pixelloss_weight = 1.0
    perceptual_weight = 0.25
    disc_weight = 0.1
    sample_K = 2
    sigma2 = 1.0
    loss_mode = sd
============================================================
[2026-06-20 20:19:03] run=sd_klt_4e8  split=test
  L1    : 0.039655
  MSE   : 0.003277
  LPIPS : 0.033782
  PSNR  : 30.9391 dB
  SSIM  : 0.961638
  FID   : 6.6740
  num_samples : 10000
  -- hyper-params (LPIPSWithDiscriminator) --
    disc_start = 2000
    kl_weight = 1e-05
    dq_weight = 1e-05
    klt_weight = 4e-08
    pixelloss_weight = 1.0
    perceptual_weight = 0.25
    disc_weight = 0.1
    sample_K = 2
    sigma2 = 1.0
    loss_mode = sd
============================================================
[2026-06-20 20:51:00] run=sd_klt_1e6  split=test
  L1    : 0.040831
  MSE   : 0.003445
  LPIPS : 0.036862
  PSNR  : 30.7139 dB
  SSIM  : 0.956665
  FID   : 6.8510
  num_samples : 10000
  -- hyper-params (LPIPSWithDiscriminator) --
    disc_start = 2000
    kl_weight = 1e-05
    dq_weight = 1e-05
    klt_weight = 1e-06
    pixelloss_weight = 1.0
    perceptual_weight = 0.25
    disc_weight = 0.1
    sample_K = 2
    sigma2 = 1.0
    loss_mode = sd
============================================================
[2026-06-20 21:22:27] run=sd_klt_1e5  split=test
  L1    : 0.043252
  MSE   : 0.003861
  LPIPS : 0.040836
  PSNR  : 30.2330 dB
  SSIM  : 0.953938
  FID   : 7.7864
  num_samples : 10000
  -- hyper-params (LPIPSWithDiscriminator) --
    disc_start = 2000
    kl_weight = 1e-05
    dq_weight = 1e-05
    klt_weight = 1e-05
    pixelloss_weight = 1.0
    perceptual_weight = 0.25
    disc_weight = 0.1
    sample_K = 2
    sigma2 = 1.0
    loss_mode = sd
============================================================
[2026-06-20 21:54:57] run=sd_klt_4e8  split=test
  L1    : 0.037877
  MSE   : 0.003067
  LPIPS : 0.032258
  PSNR  : 31.2357 dB
  SSIM  : 0.963590
  FID   : 6.4829
  num_samples : 10000
  -- hyper-params (LPIPSWithDiscriminator) --
    disc_start = 2000
    kl_weight = 1e-05
    dq_weight = 1e-06
    klt_weight = 4e-08
    pixelloss_weight = 1.0
    perceptual_weight = 0.25
    disc_weight = 0.1
    sample_K = 2
    sigma2 = 1.0
    loss_mode = sd
============================================================
[2026-06-20 22:27:40] run=sd_klt_1e6  split=test
  L1    : 0.039059
  MSE   : 0.003191
  LPIPS : 0.033764
  PSNR  : 31.0536 dB
  SSIM  : 0.960027
  FID   : 6.3374
  num_samples : 10000
  -- hyper-params (LPIPSWithDiscriminator) --
    disc_start = 2000
    kl_weight = 1e-05
    dq_weight = 1e-06
    klt_weight = 1e-06
    pixelloss_weight = 1.0
    perceptual_weight = 0.25
    disc_weight = 0.1
    sample_K = 2
    sigma2 = 1.0
    loss_mode = sd
============================================================
[2026-06-20 22:59:14] run=sd_klt_1e5  split=test
  L1    : 0.042407
  MSE   : 0.003729
  LPIPS : 0.038652
  PSNR  : 30.3675 dB
  SSIM  : 0.954955
  FID   : 7.2101
  num_samples : 10000
  -- hyper-params (LPIPSWithDiscriminator) --
    disc_start = 2000
    kl_weight = 1e-05
    dq_weight = 1e-06
    klt_weight = 1e-05
    pixelloss_weight = 1.0
    perceptual_weight = 0.25
    disc_weight = 0.1
    sample_K = 2
    sigma2 = 1.0
    loss_mode = sd
============================================================
[2026-06-20 23:31:06] run=sd_klt_1e4  split=test
  L1    : 0.056895
  MSE   : 0.006404
  LPIPS : 0.071113
  PSNR  : 28.0059 dB
  SSIM  : 0.925387
  FID   : 12.4151
  num_samples : 10000
  -- hyper-params (LPIPSWithDiscriminator) --
    disc_start = 2000
    kl_weight = 1e-05
    dq_weight = 1e-06
    klt_weight = 0.0001
    pixelloss_weight = 1.0
    perceptual_weight = 0.25
    disc_weight = 0.1
    sample_K = 2
    sigma2 = 1.0
    loss_mode = sd
============================================================
[2026-06-20 23:45:11] run=vae  split=test
  L1    : 0.039380
  MSE   : 0.003234
  LPIPS : 0.034761
  PSNR  : 31.0014 dB
  SSIM  : 0.959490
  FID   : 6.6815
  num_samples : 10000
  -- hyper-params (LPIPSWithDiscriminator) --
    disc_start = 2000
    kl_weight = 1e-06
    dq_weight = 0.1
    klt_weight = 1e-10
    pixelloss_weight = 1.0
    perceptual_weight = 0.25
    disc_weight = 0.1
    sample_K = 2
    sigma2 = 1.0
    loss_mode = vae
============================================================
[2026-06-20 23:58:48] run=vae  split=test
  L1    : 0.038554
  MSE   : 0.003115
  LPIPS : 0.033092
  PSNR  : 31.1607 dB
  SSIM  : 0.961375
  FID   : 6.5123
  num_samples : 10000
  -- hyper-params (LPIPSWithDiscriminator) --
    disc_start = 2000
    kl_weight = 1e-06
    dq_weight = 0.1
    klt_weight = 1e-10
    pixelloss_weight = 1.0
    perceptual_weight = 0.25
    disc_weight = 0.1
    sample_K = 2
    sigma2 = 1.0
    loss_mode = vae
============================================================
[2026-06-21 00:16:31] run=iwae  split=test
  L1    : 0.039045
  MSE   : 0.003144
  LPIPS : 0.033645
  PSNR  : 31.1098 dB
  SSIM  : 0.960509
  FID   : 6.4534
  num_samples : 10000
  -- hyper-params (LPIPSWithDiscriminator) --
    disc_start = 2000
    kl_weight = 1e-06
    dq_weight = 0.1
    klt_weight = 1e-10
    pixelloss_weight = 1.0
    perceptual_weight = 0.25
    disc_weight = 0.1
    sample_K = 2
    sigma2 = 1.0
    loss_mode = iwae
============================================================
[2026-06-21 00:33:27] run=iwae  split=test
  L1    : 0.040231
  MSE   : 0.003349
  LPIPS : 0.036118
  PSNR  : 30.8563 dB
  SSIM  : 0.957720
  FID   : 7.1195
  num_samples : 10000
  -- hyper-params (LPIPSWithDiscriminator) --
    disc_start = 2000
    kl_weight = 1e-06
    dq_weight = 0.1
    klt_weight = 1e-10
    pixelloss_weight = 1.0
    perceptual_weight = 0.25
    disc_weight = 0.1
    sample_K = 2
    sigma2 = 1.0
    loss_mode = iwae
============================================================
[2026-06-21 11:52:25] run=sd_klt_1e8  split=test
  L1    : 0.038164
  MSE   : 0.003047
  LPIPS : 0.032059
  PSNR  : 31.2410 dB
  SSIM  : 0.963145
  FID   : 6.4295
  num_samples : 10000
  -- hyper-params (LPIPSWithDiscriminator) --
    disc_start = 2000
    kl_weight = 1e-05
    dq_weight = 1e-05
    klt_weight = 1e-08
    pixelloss_weight = 1.0
    perceptual_weight = 0.25
    disc_weight = 0.1
    sample_K = 2
    sigma2 = 1.0
    loss_mode = sd
============================================================
[2026-06-21 12:24:44] run=sd_klt_4e8  split=test
  L1    : 0.038012
  MSE   : 0.003040
  LPIPS : 0.032563
  PSNR  : 31.2560 dB
  SSIM  : 0.961473
  FID   : 6.4070
  num_samples : 10000
  -- hyper-params (LPIPSWithDiscriminator) --
    disc_start = 2000
    kl_weight = 1e-05
    dq_weight = 1e-05
    klt_weight = 4e-08
    pixelloss_weight = 1.0
    perceptual_weight = 0.25
    disc_weight = 0.1
    sample_K = 2
    sigma2 = 1.0
    loss_mode = sd
============================================================
[2026-06-21 12:57:23] run=sd_klt_1e6  split=test
  L1    : 0.041175
  MSE   : 0.003534
  LPIPS : 0.037877
  PSNR  : 30.6090 dB
  SSIM  : 0.956400
  FID   : 7.1766
  num_samples : 10000
  -- hyper-params (LPIPSWithDiscriminator) --
    disc_start = 2000
    kl_weight = 1e-05
    dq_weight = 1e-05
    klt_weight = 1e-06
    pixelloss_weight = 1.0
    perceptual_weight = 0.25
    disc_weight = 0.1
    sample_K = 2
    sigma2 = 1.0
    loss_mode = sd
============================================================
[2026-06-21 13:29:50] run=sd_klt_1e5  split=test
  L1    : 0.044507
  MSE   : 0.004057
  LPIPS : 0.043016
  PSNR  : 30.0034 dB
  SSIM  : 0.952361
  FID   : 7.9922
  num_samples : 10000
  -- hyper-params (LPIPSWithDiscriminator) --
    disc_start = 2000
    kl_weight = 1e-05
    dq_weight = 1e-05
    klt_weight = 1e-05
    pixelloss_weight = 1.0
    perceptual_weight = 0.25
    disc_weight = 0.1
    sample_K = 2
    sigma2 = 1.0
    loss_mode = sd
============================================================
[2026-06-21 14:02:13] run=sd_klt_1e8  split=test
  L1    : 0.045767
  MSE   : 0.004382
  LPIPS : 0.052866
  PSNR  : 29.6527 dB
  SSIM  : 0.946134
  FID   : 9.2890
  num_samples : 10000
  -- hyper-params (LPIPSWithDiscriminator) --
    disc_start = 2000
    kl_weight = 1e-05
    dq_weight = 5e-05
    klt_weight = 1e-08
    pixelloss_weight = 1.0
    perceptual_weight = 0.25
    disc_weight = 0.1
    sample_K = 2
    sigma2 = 1.0
    loss_mode = sd
============================================================
[2026-06-21 14:35:04] run=sd_klt_4e8  split=test
  L1    : 0.048145
  MSE   : 0.004814
  LPIPS : 0.056271
  PSNR  : 29.2630 dB
  SSIM  : 0.941303
  FID   : 9.6982
  num_samples : 10000
  -- hyper-params (LPIPSWithDiscriminator) --
    disc_start = 2000
    kl_weight = 1e-05
    dq_weight = 5e-05
    klt_weight = 4e-08
    pixelloss_weight = 1.0
    perceptual_weight = 0.25
    disc_weight = 0.1
    sample_K = 2
    sigma2 = 1.0
    loss_mode = sd
============================================================
[2026-06-21 15:08:05] run=sd_klt_1e6  split=test
  L1    : 0.047374
  MSE   : 0.004715
  LPIPS : 0.055617
  PSNR  : 29.3403 dB
  SSIM  : 0.943442
  FID   : 9.6938
  num_samples : 10000
  -- hyper-params (LPIPSWithDiscriminator) --
    disc_start = 2000
    kl_weight = 1e-05
    dq_weight = 5e-05
    klt_weight = 1e-06
    pixelloss_weight = 1.0
    perceptual_weight = 0.25
    disc_weight = 0.1
    sample_K = 2
    sigma2 = 1.0
    loss_mode = sd
============================================================
[2026-06-21 15:40:32] run=sd_klt_1e5  split=test
  L1    : 0.050592
  MSE   : 0.005229
  LPIPS : 0.060969
  PSNR  : 28.8946 dB
  SSIM  : 0.937256
  FID   : 10.4750
  num_samples : 10000
  -- hyper-params (LPIPSWithDiscriminator) --
    disc_start = 2000
    kl_weight = 1e-05
    dq_weight = 5e-05
    klt_weight = 1e-05
    pixelloss_weight = 1.0
    perceptual_weight = 0.25
    disc_weight = 0.1
    sample_K = 2
    sigma2 = 1.0
    loss_mode = sd
============================================================
[2026-06-21 16:18:40] run=sd_klt_1e8  split=test
  L1    : 0.035297
  MSE   : 0.002608
  LPIPS : 0.025805
  PSNR  : 31.9368 dB
  SSIM  : 0.967609
  FID   : 5.3253
  num_samples : 10000
  -- hyper-params (LPIPSWithDiscriminator) --
    disc_start = 2000
    kl_weight = 1e-05
    dq_weight = 1e-05
    klt_weight = 1e-08
    pixelloss_weight = 1.0
    perceptual_weight = 0.25
    disc_weight = 0.1
    sample_K = 2
    sigma2 = 1.0
    loss_mode = sd
============================================================
[2026-06-21 16:52:06] run=sd_klt_4e8  split=test
  L1    : 0.037790
  MSE   : 0.003005
  LPIPS : 0.031678
  PSNR  : 31.3287 dB
  SSIM  : 0.964001
  FID   : 6.1845
  num_samples : 10000
  -- hyper-params (LPIPSWithDiscriminator) --
    disc_start = 2000
    kl_weight = 1e-05
    dq_weight = 1e-05
    klt_weight = 4e-08
    pixelloss_weight = 1.0
    perceptual_weight = 0.25
    disc_weight = 0.1
    sample_K = 2
    sigma2 = 1.0
    loss_mode = sd
============================================================
[2026-06-21 17:24:59] run=sd_klt_1e6  split=test
  L1    : 0.040564
  MSE   : 0.003451
  LPIPS : 0.035946
  PSNR  : 30.7168 dB
  SSIM  : 0.959597
  FID   : 7.1230
  num_samples : 10000
  -- hyper-params (LPIPSWithDiscriminator) --
    disc_start = 2000
    kl_weight = 1e-05
    dq_weight = 1e-05
    klt_weight = 1e-06
    pixelloss_weight = 1.0
    perceptual_weight = 0.25
    disc_weight = 0.1
    sample_K = 2
    sigma2 = 1.0
    loss_mode = sd
============================================================
[2026-06-21 17:57:53] run=sd_klt_1e5  split=test
  L1    : 0.047712
  MSE   : 0.004666
  LPIPS : 0.050440
  PSNR  : 29.3810 dB
  SSIM  : 0.943550
  FID   : 9.3915
  num_samples : 10000
  -- hyper-params (LPIPSWithDiscriminator) --
    disc_start = 2000
    kl_weight = 1e-05
    dq_weight = 1e-05
    klt_weight = 1e-05
    pixelloss_weight = 1.0
    perceptual_weight = 0.25
    disc_weight = 0.1
    sample_K = 2
    sigma2 = 1.0
    loss_mode = sd
============================================================
[2026-06-21 18:12:39] run=vae  split=test
  L1    : 0.039336
  MSE   : 0.003242
  LPIPS : 0.035469
  PSNR  : 30.9960 dB
  SSIM  : 0.959141
  FID   : 6.5381
  num_samples : 10000
  -- hyper-params (LPIPSWithDiscriminator) --
    disc_start = 2000
    kl_weight = 1e-06
    dq_weight = 0.1
    klt_weight = 1e-10
    pixelloss_weight = 1.0
    perceptual_weight = 0.25
    disc_weight = 0.1
    sample_K = 2
    sigma2 = 1.0
    loss_mode = vae
============================================================
[2026-06-21 18:29:50] run=iwae  split=test
  L1    : 0.038299
  MSE   : 0.003032
  LPIPS : 0.032060
  PSNR  : 31.3008 dB
  SSIM  : 0.961825
  FID   : 6.1606
  num_samples : 10000
  -- hyper-params (LPIPSWithDiscriminator) --
    disc_start = 2000
    kl_weight = 1e-06
    dq_weight = 0.1
    klt_weight = 1e-10
    pixelloss_weight = 1.0
    perceptual_weight = 0.25
    disc_weight = 0.1
    sample_K = 2
    sigma2 = 1.0
    loss_mode = iwae
============================================================
[2026-06-21 18:47:54] run=iwae  split=test
  L1    : 0.038350
  MSE   : 0.003090
  LPIPS : 0.033263
  PSNR  : 31.1919 dB
  SSIM  : 0.960820
  FID   : 6.4842
  num_samples : 10000
  -- hyper-params (LPIPSWithDiscriminator) --
    disc_start = 2000
    kl_weight = 1e-06
    dq_weight = 0.1
    klt_weight = 1e-10
    pixelloss_weight = 1.0
    perceptual_weight = 0.25
    disc_weight = 0.1
    sample_K = 2
    sigma2 = 1.0
    loss_mode = iwae
============================================================
[2026-06-21 19:05:09] run=iwae  split=test
  L1    : 0.041268
  MSE   : 0.003454
  LPIPS : 0.037657
  PSNR  : 30.7177 dB
  SSIM  : 0.956873
  FID   : 7.1622
  num_samples : 10000
  -- hyper-params (LPIPSWithDiscriminator) --
    disc_start = 2000
    kl_weight = 1e-06
    dq_weight = 0.1
    klt_weight = 1e-10
    pixelloss_weight = 1.0
    perceptual_weight = 0.25
    disc_weight = 0.1
    sample_K = 2
    sigma2 = 1.0
    loss_mode = iwae
============================================================
[2026-06-21 19:19:59] run=vae  split=test
  L1    : 0.038925
  MSE   : 0.003135
  LPIPS : 0.033878
  PSNR  : 31.1203 dB
  SSIM  : 0.960200
  FID   : 6.4861
  num_samples : 10000
  -- hyper-params (LPIPSWithDiscriminator) --
    disc_start = 2000
    kl_weight = 1e-06
    dq_weight = 0.1
    klt_weight = 1e-10
    pixelloss_weight = 1.0
    perceptual_weight = 0.25
    disc_weight = 0.1
    sample_K = 2
    sigma2 = 1.0
    loss_mode = vae
============================================================
[2026-06-21 19:34:45] run=vae  split=test
  L1    : 0.039620
  MSE   : 0.003279
  LPIPS : 0.035149
  PSNR  : 30.9582 dB
  SSIM  : 0.958919
  FID   : 6.9645
  num_samples : 10000
  -- hyper-params (LPIPSWithDiscriminator) --
    disc_start = 2000
    kl_weight = 1e-06
    dq_weight = 0.1
    klt_weight = 1e-10
    pixelloss_weight = 1.0
    perceptual_weight = 0.25
    disc_weight = 0.1
    sample_K = 2
    sigma2 = 1.0
    loss_mode = vae
============================================================
[2026-06-21 20:07:25] run=sd_klt_1e8  split=test
  L1    : 0.038887
  MSE   : 0.003152
  LPIPS : 0.034280
  PSNR  : 31.1107 dB
  SSIM  : 0.961130
  FID   : 6.7419
  num_samples : 10000
  -- hyper-params (LPIPSWithDiscriminator) --
    disc_start = 2000
    kl_weight = 1e-05
    dq_weight = 1e-05
    klt_weight = 1e-08
    pixelloss_weight = 1.0
    perceptual_weight = 0.25
    disc_weight = 0.1
    sample_K = 2
    sigma2 = 1.0
    loss_mode = sd
============================================================
[2026-06-21 20:40:51] run=sd_klt_4e8  split=test
  L1    : 0.041365
  MSE   : 0.003538
  LPIPS : 0.037260
  PSNR  : 30.6298 dB
  SSIM  : 0.956717
  FID   : 6.7842
  num_samples : 10000
  -- hyper-params (LPIPSWithDiscriminator) --
    disc_start = 2000
    kl_weight = 1e-05
    dq_weight = 1e-05
    klt_weight = 4e-08
    pixelloss_weight = 1.0
    perceptual_weight = 0.25
    disc_weight = 0.1
    sample_K = 2
    sigma2 = 1.0
    loss_mode = sd
============================================================
[2026-06-21 21:14:15] run=sd_klt_1e6  split=test
  L1    : 0.039031
  MSE   : 0.003208
  LPIPS : 0.033823
  PSNR  : 31.0179 dB
  SSIM  : 0.960645
  FID   : 6.6659
  num_samples : 10000
  -- hyper-params (LPIPSWithDiscriminator) --
    disc_start = 2000
    kl_weight = 1e-05
    dq_weight = 1e-05
    klt_weight = 1e-06
    pixelloss_weight = 1.0
    perceptual_weight = 0.25
    disc_weight = 0.1
    sample_K = 2
    sigma2 = 1.0
    loss_mode = sd
============================================================
[2026-06-21 21:47:16] run=sd_klt_1e5  split=test
  L1    : 0.045613
  MSE   : 0.004302
  LPIPS : 0.047255
  PSNR  : 29.7519 dB
  SSIM  : 0.948201
  FID   : 8.8245
  num_samples : 10000
  -- hyper-params (LPIPSWithDiscriminator) --
    disc_start = 2000
    kl_weight = 1e-05
    dq_weight = 1e-05
    klt_weight = 1e-05
    pixelloss_weight = 1.0
    perceptual_weight = 0.25
    disc_weight = 0.1
    sample_K = 2
    sigma2 = 1.0
    loss_mode = sd
