============================================================
[2026-07-04 21:56:22] run=pm  split=test
  L1    : 0.043345
  MSE   : 0.003806
  LPIPS : 0.041289
  PSNR  : 30.2889 dB
  SSIM  : 0.954774
  FID   : 8.0137
  num_samples : 10000
============================================================
[2026-07-04 22:11:09] run=pm  split=test
  L1    : 0.044082
  MSE   : 0.003963
  LPIPS : 0.045532
  PSNR  : 30.1012 dB
  SSIM  : 0.951169
  FID   : 8.4286
  num_samples : 10000
============================================================
[2026-07-04 22:27:27] run=pm  split=test
  L1    : 0.043750
  MSE   : 0.003836
  LPIPS : 0.042529
  PSNR  : 30.2663 dB
  SSIM  : 0.953853
  FID   : 8.0751
  num_samples : 10000
