============================================================
[2026-07-04 23:14:14] run=pm  split=test
  L1    : 0.010010
  MSE   : 0.000670
  LPIPS : 0.001373
  PSNR  : 37.9120 dB
  SSIM  : 0.996982
  FID   : 0.5988
  num_samples : 10000
============================================================
[2026-07-04 23:31:17] run=pm  split=test
  L1    : 0.010217
  MSE   : 0.000717
  LPIPS : 0.001422
  PSNR  : 37.6381 dB
  SSIM  : 0.997344
  FID   : 0.6267
  num_samples : 10000
============================================================
[2026-07-04 23:47:12] run=pm  split=test
  L1    : 0.009705
  MSE   : 0.000669
  LPIPS : 0.001381
  PSNR  : 37.9262 dB
  SSIM  : 0.997782
  FID   : 0.6135
  num_samples : 10000
============================================================
[2026-07-05 00:04:59] run=pm  split=test
  L1    : 0.009921
  MSE   : 0.000721
  LPIPS : 0.001404
  PSNR  : 37.5774 dB
  SSIM  : 0.997546
  FID   : 0.5881
  num_samples : 10000
============================================================
[2026-07-05 00:21:44] run=pm  split=test
  L1    : 0.009487
  MSE   : 0.000627
  LPIPS : 0.001282
  PSNR  : 38.1858 dB
  SSIM  : 0.997448
  FID   : 0.5643
  num_samples : 10000
