============================================================
[2026-06-25 12:58:54] run=pvae  split=test
  L1    : 0.087858
  MSE   : 0.014229
  LPIPS : 0.135797
  PSNR  : 24.5175 dB
  SSIM  : 0.864100
  FID   : 23.2914
  num_samples : 10000
============================================================
[2026-06-25 13:13:23] run=pvae  split=test
  L1    : 0.081168
  MSE   : 0.012265
  LPIPS : 0.127717
  PSNR  : 25.1782 dB
  SSIM  : 0.880435
  FID   : 20.9860
  num_samples : 10000
============================================================
[2026-06-25 13:27:22] run=pvae  split=test
  L1    : 0.067221
  MSE   : 0.008558
  LPIPS : 0.088053
  PSNR  : 26.7469 dB
  SSIM  : 0.913664
  FID   : 16.1482
  num_samples : 10000
============================================================
[2026-06-25 14:11:50] run=pvae  split=test
  L1    : 0.061065
  MSE   : 0.007048
  LPIPS : 0.073631
  PSNR  : 27.6062 dB
  SSIM  : 0.925813
  FID   : 13.7991
  num_samples : 10000
============================================================
[2026-06-25 14:25:10] run=pvae  split=test
  L1    : 0.119195
  MSE   : 0.025922
  LPIPS : 0.218070
  PSNR  : 21.9036 dB
  SSIM  : 0.766909
  FID   : 36.5892
  num_samples : 10000
============================================================
[2026-06-25 14:39:31] run=pvae  split=test
  L1    : 0.057150
  MSE   : 0.006417
  LPIPS : 0.068550
  PSNR  : 27.9993 dB
  SSIM  : 0.932907
  FID   : 13.0638
  num_samples : 10000
============================================================
[2026-06-25 15:00:11] run=pvae  split=test
  L1    : 0.059381
  MSE   : 0.006903
  LPIPS : 0.076706
  PSNR  : 27.6843 dB
  SSIM  : 0.924583
  FID   : 14.4932
  num_samples : 10000
============================================================
[2026-06-25 15:14:12] run=pvae  split=test
  L1    : 0.056972
  MSE   : 0.006181
  LPIPS : 0.066465
  PSNR  : 28.1608 dB
  SSIM  : 0.933866
  FID   : 12.3716
  num_samples : 10000
