============================================================
[2026-07-05 00:45:39] run=pvae  split=test
  L1    : 0.021895
  MSE   : 0.004818
  LPIPS : 0.006525
  PSNR  : 29.2374 dB
  SSIM  : 0.986442
  FID   : 1.4970
  num_samples : 10000
============================================================
[2026-07-05 00:58:22] run=pvae  split=test
  L1    : 0.022182
  MSE   : 0.005012
  LPIPS : 0.006711
  PSNR  : 29.0632 dB
  SSIM  : 0.985889
  FID   : 1.4066
  num_samples : 10000
============================================================
[2026-07-05 01:11:31] run=pvae  split=test
  L1    : 0.023072
  MSE   : 0.005356
  LPIPS : 0.007214
  PSNR  : 28.7791 dB
  SSIM  : 0.984421
  FID   : 1.6260
  num_samples : 10000
============================================================
[2026-07-05 01:24:52] run=pvae  split=test
  L1    : 0.022397
  MSE   : 0.005062
  LPIPS : 0.006880
  PSNR  : 29.0206 dB
  SSIM  : 0.985344
  FID   : 1.5597
  num_samples : 10000
============================================================
[2026-07-05 01:37:36] run=pvae  split=test
  L1    : 0.022778
  MSE   : 0.005277
  LPIPS : 0.007114
  PSNR  : 28.8559 dB
  SSIM  : 0.985213
  FID   : 1.5879
  num_samples : 10000
